// Jest Snapshot v1, https://goo.gl/fbAQLP

exports[`when issue is assigned, posts a card 1`] = `
Array [
  Array [
    Object {
      "$schema": "http://adaptivecards.io/schemas/adaptive-card.json",
      "body": Array [
        Object {
          "columns": Array [
            Object {
              "items": Array [
                Object {
                  "color": "Accent",
                  "text": "[fooRepoName](fooURL)",
                  "type": "TextBlock",
                  "weight": "Lighter",
                },
                Object {
                  "color": "Light",
                  "size": "Large",
                  "spacing": "Small",
                  "text": "Issue assigned to [fooUser](fooUserUrl)",
                  "type": "TextBlock",
                  "weight": "Bolder",
                  "wrap": true,
                },
              ],
              "type": "Column",
              "width": "stretch",
            },
          ],
          "type": "ColumnSet",
        },
        Object {
          "columns": Array [
            Object {
              "items": Array [
                Object {
                  "color": "Light",
                  "text": "Assigned by:",
                  "type": "TextBlock",
                },
                Object {
                  "color": "Light",
                  "spacing": "Small",
                  "text": "Issue:",
                  "type": "TextBlock",
                },
              ],
              "type": "Column",
              "width": 35,
            },
            Object {
              "items": Array [
                Object {
                  "color": "Light",
                  "text": "[barUser](barUserUrl)",
                  "type": "TextBlock",
                },
                Object {
                  "color": "Light",
                  "spacing": "Small",
                  "text": "[#5 - fooTitle](fooHtml)",
                  "type": "TextBlock",
                },
              ],
              "type": "Column",
              "width": 65,
            },
          ],
          "horizontalAlignment": "Center",
          "spacing": "Padding",
          "type": "ColumnSet",
        },
      ],
      "type": "AdaptiveCard",
      "version": "1.2",
    },
  ],
]
`;
